#-----------------------------------------------------------
# Vivado v2022.1 (64-bit)
# SW Build 3526262 on Mon Apr 18 15:48:16 MDT 2022
# IP Build 3524634 on Mon Apr 18 20:55:01 MDT 2022
# Start of session at: Wed Dec  7 20:33:52 2022
# Process ID: 18556
# Current directory: C:/Users/tyler/Documents/GitHub/EECE251_FinalProject_VerilogModules/LatestVivadoTest
# Command line: vivado.exe -gui_launcher_event rodinguilauncherevent25904 C:\Users\tyler\Documents\GitHub\EECE251_FinalProject_VerilogModules\LatestVivadoTest\LatestVivadoTest.xpr
# Log file: C:/Users/tyler/Documents/GitHub/EECE251_FinalProject_VerilogModules/LatestVivadoTest/vivado.log
# Journal file: C:/Users/tyler/Documents/GitHub/EECE251_FinalProject_VerilogModules/LatestVivadoTest\vivado.jou
# Running On: Tyler_Thinkpad, OS: Windows, CPU Frequency: 2803 MHz, CPU Physical cores: 14, Host memory: 16830 MB
#-----------------------------------------------------------
start_gui
open_project C:/Users/tyler/Documents/GitHub/EECE251_FinalProject_VerilogModules/LatestVivadoTest/LatestVivadoTest.xpr
update_compile_order -fileset sources_1
synth_design -rtl -rtl_skip_mlo -name rtl_1
