#-----------------------------------------------------------
# Vivado v2022.1 (64-bit)
# SW Build 3526262 on Mon Apr 18 15:48:16 MDT 2022
# IP Build 3524634 on Mon Apr 18 20:55:01 MDT 2022
# Start of session at: Thu Dec  1 10:17:58 2022
# Process ID: 20300
# Current directory: C:/Users/tyler/Documents/GitHub/EECE251_FinalProject_VerilogModules/LatestVivadoTest
# Command line: vivado.exe -gui_launcher_event rodinguilauncherevent2736 C:\Users\tyler\Documents\GitHub\EECE251_FinalProject_VerilogModules\LatestVivadoTest\LatestVivadoTest.xpr
# Log file: C:/Users/tyler/Documents/GitHub/EECE251_FinalProject_VerilogModules/LatestVivadoTest/vivado.log
# Journal file: C:/Users/tyler/Documents/GitHub/EECE251_FinalProject_VerilogModules/LatestVivadoTest\vivado.jou
# Running On: Tyler_Thinkpad, OS: Windows, CPU Frequency: 2803 MHz, CPU Physical cores: 14, Host memory: 16830 MB
#-----------------------------------------------------------
start_gui
oopen_project C:/Users/tyler/Documents/GitHub/EECE251_FinalProject_VerilogModules/LatestVivadoTest/LatestVivadoTest.xpr
update_compile_order -fileset sources_1
open_hw_manager
connect_hw_server -allow_non_jtag
disconnect_hw_server localhost:3121
connect_hw_server -allow_non_jtag
open_hw_target
set_property PROGRAM.FILE {C:/Users/tyler/Documents/GitHub/EECE251_FinalProject_VerilogModules/LatestVivadoTest/LatestVivadoTest.runs/impl_1/CalculatorSource.bit} [get_hw_devices xc7a35t_0]
current_hw_device [get_hw_devices xc7a35t_0]
refresh_hw_device -update_hw_probes false [lindex [get_hw_devices xc7a35t_0] 0]
set_property PROBES.FILE {} [get_hw_devices xc7a35t_0]
set_property FULL_PROBES.FILE {} [get_hw_devices xc7a35t_0]
set_property PROGRAM.FILE {C:/Users/tyler/Documents/GitHub/EECE251_FinalProject_VerilogModules/LatestVivadoTest/LatestVivadoTest.runs/impl_1/CalculatorSource.bit} [get_hw_devices xc7a35t_0]
program_hw_devices [get_hw_devices xc7a35t_0]
refresh_hw_device [lindex [get_hw_devices xc7a35t_0] 0]
reset_run synth_1
launch_runs impl_1 -to_step write_bitstream -jobs 20
wait_on_run impl_1
set_property PROBES.FILE {} [get_hw_devices xc7a35t_0]
set_property FULL_PROBES.FILE {} [get_hw_devices xc7a35t_0]
set_property PROGRAM.FILE {C:/Users/tyler/Documents/GitHub/EECE251_FinalProject_VerilogModules/LatestVivadoTest/LatestVivadoTest.runs/impl_1/CalculatorSource.bit} [get_hw_devices xc7a35t_0]
program_hw_devices [get_hw_devices xc7a35t_0]
refresh_hw_device [lindex [get_hw_devices xc7a35t_0] 0]
reset_run synth_1
launch_runs impl_1 -to_step write_bitstream -jobs 20
wait_on_run impl_1
set_property PROBES.FILE {} [get_hw_devices xc7a35t_0]
set_property FULL_PROBES.FILE {} [get_hw_devices xc7a35t_0]
set_property PROGRAM.FILE {C:/Users/tyler/Documents/GitHub/EECE251_FinalProject_VerilogModules/LatestVivadoTest/LatestVivadoTest.runs/impl_1/CalculatorSource.bit} [get_hw_devices xc7a35t_0]
program_hw_devices [get_hw_devices xc7a35t_0]
refresh_hw_device [lindex [get_hw_devices xc7a35t_0] 0]
