#-----------------------------------------------------------
# Vivado v2022.1 (64-bit)
# SW Build 3526262 on Mon Apr 18 15:48:16 MDT 2022
# IP Build 3524634 on Mon Apr 18 20:55:01 MDT 2022
# Start of session at: Wed Nov 30 21:13:21 2022
# Process ID: 13800
# Current directory: C:/Users/tyler/Documents/GitHub/EECE251_FinalProject_VerilogModules/LatestVivadoTest/LatestVivadoTest.runs/impl_1
# Command line: vivado.exe -log CalculatorSource.vdi -applog -product Vivado -messageDb vivado.pb -mode batch -source CalculatorSource.tcl -notrace
# Log file: C:/Users/tyler/Documents/GitHub/EECE251_FinalProject_VerilogModules/LatestVivadoTest/LatestVivadoTest.runs/impl_1/CalculatorSource.vdi
# Journal file: C:/Users/tyler/Documents/GitHub/EECE251_FinalProject_VerilogModules/LatestVivadoTest/LatestVivadoTest.runs/impl_1\vivado.jou
# Running On: Tyler_Thinkpad, OS: Windows, CPU Frequency: 2803 MHz, CPU Physical cores: 14, Host memory: 16830 MB
#-----------------------------------------------------------
source CalculatorSource.tcl -notrace
